row -16000
row -14000
row -12000
row -10000
row -8000
row -6000
row -4000
row -2000
row 0
row 2000
row 4000
row 6000
row 8000
row 10000
row 12000
row 14000
row 16000
K2 [3.3849911837314530593500163265444464379902087072062831824 +/- 3.21e-56] Amax [2.82614200780924476997276113700161449233016828211361813232 +/- 3.78e-58] Eco [3.1312393652970064949695597523728129669811692019187813100e-26 +/- 4.96e-82] weights mixed ['338464877/1000000000', '209759799/1000000000', '3435923/125000000', '14574151/500000000', '26316057/1000000000', '26329893/1000000000', '26315819/1000000000', '26315979/1000000000', '2631579/100000000', '26315791/1000000000', '26315789/1000000000', '26315789/1000000000', '26315789/1000000000', '26315789/1000000000', '26315789/1000000000', '26315789/1000000000', '5338803/200000000', '26315789/1000000000', '13162881/500000000']
A11 gen eig: [4.75216921e-16 1.95695474e-14 1.12622212e-11 1.97630834e-09]
C_B on bottom: 3.34111583188604e-17
max radius A11: 2.2535003525220636e-54  CB: 1.5504179696914667e-51
